exports[`<HelloWorld /> renders correctly 1`] = `
<div>
  Hello, world!
</div>
`;
